__text_start T ffffffff80010000 	/project/build-ultra/ps1_ultra_minimal.c:18
main T ffffffff80010000 1bc	/project/build-ultra/ps1_ultra_minimal.c:17
_vblank_handler t ffffffff800101bc 40	/home/runner/work/PSn00bSDK/PSn00bSDK/sdk/libpsn00b/psxgpu/common.c:40
_process_drawop t ffffffff800101fc bc	/home/runner/work/PSn00bSDK/PSn00bSDK/sdk/libpsn00b/psxgpu/common.c:47
_gpu_irq_handler t ffffffff800102b8 4c	/home/runner/work/PSn00bSDK/PSn00bSDK/sdk/libpsn00b/psxgpu/common.c:68
_gpu_dma_handler t ffffffff80010304 40	/home/runner/work/PSn00bSDK/PSn00bSDK/sdk/libpsn00b/psxgpu/common.c:75
_default_vsync_halt t ffffffff80010344 70	/home/runner/work/PSn00bSDK/PSn00bSDK/sdk/libpsn00b/psxgpu/common.c:131
ResetGraph T ffffffff800103b4 190	/home/runner/work/PSn00bSDK/PSn00bSDK/sdk/libpsn00b/psxgpu/common.c:82
VSync T ffffffff80010544 124	/home/runner/work/PSn00bSDK/PSn00bSDK/sdk/libpsn00b/psxgpu/common.c:143
SetDrawOpType T ffffffff80010668 10	/home/runner/work/PSn00bSDK/PSn00bSDK/sdk/libpsn00b/psxgpu/common.c:195
EnqueueDrawOp T ffffffff80010678 134	/home/runner/work/PSn00bSDK/PSn00bSDK/sdk/libpsn00b/psxgpu/common.c:199
_send_linked_list T ffffffff800107ac 64	/home/runner/work/PSn00bSDK/PSn00bSDK/sdk/libpsn00b/psxgpu/drawing.c:15
DrawOTag T ffffffff80010810 68	/home/runner/work/PSn00bSDK/PSn00bSDK/sdk/libpsn00b/psxgpu/drawing.c:43
ClearOTagR T ffffffff80010878 98	/home/runner/work/PSn00bSDK/PSn00bSDK/sdk/libpsn00b/psxgpu/drawing.c:120
_build_drawenv_ot t ffffffff80010910 228	/home/runner/work/PSn00bSDK/PSn00bSDK/sdk/libpsn00b/psxgpu/env.c:37
SetDefDrawEnv T ffffffff80010b38 b8	/home/runner/work/PSn00bSDK/PSn00bSDK/sdk/libpsn00b/psxgpu/env.c:81
DrawOTagEnv T ffffffff80010bf0 78	/home/runner/work/PSn00bSDK/PSn00bSDK/sdk/libpsn00b/psxgpu/env.c:107
PutDrawEnv T ffffffff80010c68 5c	/home/runner/work/PSn00bSDK/PSn00bSDK/sdk/libpsn00b/psxgpu/env.c:129
SetDefDispEnv T ffffffff80010cc4 90	/home/runner/work/PSn00bSDK/PSn00bSDK/sdk/libpsn00b/psxgpu/env.c:149
PutDispEnv T ffffffff80010d54 218	/home/runner/work/PSn00bSDK/PSn00bSDK/sdk/libpsn00b/psxgpu/env.c:169
SetVideoMode T ffffffff80010f6c 54	/home/runner/work/PSn00bSDK/PSn00bSDK/sdk/libpsn00b/psxgpu/env.c:259
SetDispMask T ffffffff80010fc0 2c	/home/runner/work/PSn00bSDK/PSn00bSDK/sdk/libpsn00b/psxgpu/env.c:276
_global_dma_handler t ffffffff80010fec e8	/home/runner/work/PSn00bSDK/PSn00bSDK/sdk/libpsn00b/psxetc/interrupts.c:79
_global_isr t ffffffff800110d4 ec	/home/runner/work/PSn00bSDK/PSn00bSDK/sdk/libpsn00b/psxetc/interrupts.c:57
InterruptCallback T ffffffff800111c0 c8	/home/runner/work/PSn00bSDK/PSn00bSDK/sdk/libpsn00b/psxetc/interrupts.c:103
DMACallback T ffffffff80011288 13c	/home/runner/work/PSn00bSDK/PSn00bSDK/sdk/libpsn00b/psxetc/interrupts.c:125
SetDMAPriority T ffffffff800113c4 ac	/home/runner/work/PSn00bSDK/PSn00bSDK/sdk/libpsn00b/psxetc/interrupts.c:160
RestartCallback T ffffffff80011470 c8	/home/runner/work/PSn00bSDK/PSn00bSDK/sdk/libpsn00b/psxetc/interrupts.c:203
ResetCallback T ffffffff80011538 d8	/home/runner/work/PSn00bSDK/PSn00bSDK/sdk/libpsn00b/psxetc/interrupts.c:183
EnterCriticalSection T ffffffff80011610 	/home/runner/work/PSn00bSDK/PSn00bSDK/sdk/libpsn00b/psxapi/_syscalls.s:13
ExitCriticalSection T ffffffff80011620 	/home/runner/work/PSn00bSDK/PSn00bSDK/sdk/libpsn00b/psxapi/_syscalls.s:24
_96_remove T ffffffff80011630 	/home/runner/work/PSn00bSDK/PSn00bSDK/sdk/libpsn00b/psxapi/drivers.s:31
printf T ffffffff8001163c 	/home/runner/work/PSn00bSDK/PSn00bSDK/sdk/libpsn00b/psxapi/stdio.s:119
ReturnFromException T ffffffff80011648 	/home/runner/work/PSn00bSDK/PSn00bSDK/sdk/libpsn00b/psxapi/sys.s:265
HookEntryInt T ffffffff80011654 	/home/runner/work/PSn00bSDK/PSn00bSDK/sdk/libpsn00b/psxapi/sys.s:281
ChangeClearPAD T ffffffff80011660 	/home/runner/work/PSn00bSDK/PSn00bSDK/sdk/libpsn00b/psxapi/sys.s:313
ChangeClearRCnt T ffffffff8001166c 	/home/runner/work/PSn00bSDK/PSn00bSDK/sdk/libpsn00b/psxapi/sys.s:355
_start W ffffffff80011678 	/home/runner/work/PSn00bSDK/PSn00bSDK/sdk/libpsn00b/libc/_start.s:16
_start_inner T ffffffff80011688 128	/home/runner/work/PSn00bSDK/PSn00bSDK/sdk/libpsn00b/libc/start.c:73
InitHeap W ffffffff800117b0 2c	/home/runner/work/PSn00bSDK/PSn00bSDK/sdk/libpsn00b/libc/malloc.c:40
__func__.0 r ffffffff800118f0 e
__func__.2 r ffffffff80011938 b
__func__.11 r ffffffff80011944 9
__func__.1 r ffffffff8001197c b
__func__.2 r ffffffff80011988 e
__func__.4 r ffffffff80011998 b
__func__.6 r ffffffff800119a4 c
__func__.7 r ffffffff800119b0 e
__func__.1 r ffffffff80011a34 f
__func__.3 r ffffffff80011a44 c
__func__.5 r ffffffff80011a50 12
_isr_jmp_buf r ffffffff80011a64 30
__CTOR_LIST__ D ffffffff80011ab0 
__CTOR_END__ D ffffffff80011ab8 
__DTOR_LIST__ D ffffffff80011ac0 
__DTOR_END__ D ffffffff80011ac8 
_vsync_halt_func d ffffffff80011ac8 4
__bss_start B ffffffff80011acc 
_last_hblank b ffffffff80011acc 2
_last_vblank b ffffffff80011ad0 4
_vblank_counter b ffffffff80011ad4 4
_drawop_type b ffffffff80011ad8 1
_queue_length b ffffffff80011ad9 1
_queue_tail b ffffffff80011ada 1
_queue_head b ffffffff80011adb 1
_drawsync_callback b ffffffff80011adc 4
_vsync_callback b ffffffff80011ae0 4
_gpu_video_mode B ffffffff80011ae4 4
_isr_installed b ffffffff80011ae8 4
_saved_dma_dicr b ffffffff80011aec 4
_saved_dma_dpcr b ffffffff80011af0 4
_saved_irq_mask b ffffffff80011af4 2
_num_dma_handlers b ffffffff80011af8 4
__argv B ffffffff80011afc 4
__argc B ffffffff80011b00 4
_alloc_tail b ffffffff80011b04 4
_alloc_head b ffffffff80011b08 4
_alloc_start b ffffffff80011b0c 4
_heap_alloc_max b ffffffff80011b10 4
_heap_alloc b ffffffff80011b14 4
_heap_limit b ffffffff80011b18 4
_heap_end b ffffffff80011b1c 4
_heap_start b ffffffff80011b20 4
_draw_queue b ffffffff80011b24 100
_isr_stack b ffffffff80011c24 1000
_dma_handlers b ffffffff80012c24 1c
_irq_handlers b ffffffff80012c40 2c
_end B ffffffff80012c6c 
_gp d ffffffff80019ac0 
